// Jest Snapshot v1, https://goo.gl/fbAQLP

exports[`TaskRow renders properly 1`] = `
ShallowWrapper {
  "length": 1,
  Symbol(enzyme.__root__): [Circular],
  Symbol(enzyme.__unrendered__): <TaskRow
    task={
      Object {
        "author": "andres rondon",
        "context": "n/a",
        "courseId": "Algoritmos",
        "id": "someId",
        "name": "language tasks!",
        "tags": Array [
          "cpp",
          "datastructures",
        ],
      }
    }
  />,
  Symbol(enzyme.__renderer__): Object {
    "batchedUpdates": [Function],
    "getNode": [Function],
    "render": [Function],
    "simulateEvent": [Function],
    "unmount": [Function],
  },
  Symbol(enzyme.__node__): Object {
    "instance": null,
    "key": undefined,
    "nodeType": "host",
    "props": Object {
      "children": Array [
        <b>
          Algoritmos - language tasks!
        </b>,
        <br />,
        "cpp, datastructures",
      ],
      "className": "list-group-item",
      "type": "button",
    },
    "ref": null,
    "rendered": Array [
      Object {
        "instance": null,
        "key": undefined,
        "nodeType": "host",
        "props": Object {
          "children": "Algoritmos - language tasks!",
        },
        "ref": null,
        "rendered": "Algoritmos - language tasks!",
        "type": "b",
      },
      Object {
        "instance": null,
        "key": undefined,
        "nodeType": "host",
        "props": Object {},
        "ref": null,
        "rendered": null,
        "type": "br",
      },
      "cpp, datastructures",
    ],
    "type": "button",
  },
  Symbol(enzyme.__nodes__): Array [
    Object {
      "instance": null,
      "key": undefined,
      "nodeType": "host",
      "props": Object {
        "children": Array [
          <b>
            Algoritmos - language tasks!
          </b>,
          <br />,
          "cpp, datastructures",
        ],
        "className": "list-group-item",
        "type": "button",
      },
      "ref": null,
      "rendered": Array [
        Object {
          "instance": null,
          "key": undefined,
          "nodeType": "host",
          "props": Object {
            "children": "Algoritmos - language tasks!",
          },
          "ref": null,
          "rendered": "Algoritmos - language tasks!",
          "type": "b",
        },
        Object {
          "instance": null,
          "key": undefined,
          "nodeType": "host",
          "props": Object {},
          "ref": null,
          "rendered": null,
          "type": "br",
        },
        "cpp, datastructures",
      ],
      "type": "button",
    },
  ],
  Symbol(enzyme.__options__): Object {
    "adapter": ReactSixteenAdapter {
      "options": Object {
        "enableComponentDidUpdateOnSetState": true,
      },
    },
  },
}
`;
